// Jest Snapshot v1, https://goo.gl/fbAQLP

exports[`Flex should match snapshot 1`] = `
"<style>
  :host {
    display: var(--flex-display);
    flex-direction: var(--flex-direction);
    flex-wrap: var(--flex-wrap);
  }
</style>
<slot></slot>
"
`;
